73640@LAPTOP-R7VVSMU4 MINGW64 ~/learngit (master)
$ git status
On branch master
Changes not staged for commit:
  (use "git add <file>..." to update what will be committed)
  (use "git restore <file>..." to discard changes in working directory)
        modified:   readme.txt

no changes added to commit (use "git add" and/or "git commit -a")

73640@LAPTOP-R7VVSMU4 MINGW64 ~/learngit (master)
$ git diff readme.txt
diff --git a/readme.txt b/readme.txt
index d8036c1..013b5bc 100644
--- a/readme.txt
+++ b/readme.txt
@@ -1,2 +1,2 @@
-Git is a version control system.
+Git is a distributed version control system.
 Git is free software.
\ No newline at end of file

73640@LAPTOP-R7VVSMU4 MINGW64 ~/learngit (master)
$ git add readme.txt

73640@LAPTOP-R7VVSMU4 MINGW64 ~/learngit (master)
$ git status
On branch master
Changes to be committed:
  (use "git restore --staged <file>..." to unstage)
        modified:   readme.txt


73640@LAPTOP-R7VVSMU4 MINGW64 ~/learngit (master)
$ git commit -m"add distributed"
[master 1dbd17d] add distributed
 1 file changed, 1 insertion(+), 1 deletion(-)

73640@LAPTOP-R7VVSMU4 MINGW64 ~/learngit (master)
$ git status
On branch master
nothing to commit, working tree clean
